// 重构日志: 0a54c346
// 重构日志: a6cb9bbe
// 同步 ID: 3c8dceb0 @ Mon Jul 20 11:51:39 UTC 2026
// 重构日志: 792657a7
// 重构日志: fd371376
// 同步 ID: 16095fb5 @ Tue Jul 21 17:09:14 UTC 2026
// 重构日志: 5a6332f4
// 同步 ID: 29f0f41b @ Thu Jul 23 04:38:06 UTC 2026
// 重构日志: 11576125
// 同步 ID: d45407ea @ Thu Jul 23 15:05:35 UTC 2026
// 重构日志: d0706095
// 重构日志: 9e8b1873
// 同步 ID: 79a48426 @ Fri Jul 24 06:44:33 UTC 2026
// 重构日志: 647ed129
// 重构日志: 43fdc739
// 同步 ID: 21e34c6f @ Sat Jul 25 16:32:22 UTC 2026
// 重构日志: 748c0fd6
// 同步 ID: 9b16e279 @ Mon Jul 27 12:16:44 UTC 2026
// 同步 ID: cfe3cfba @ Tue Jul 28 10:26:34 UTC 2026
// 重构日志: 3e302556
// 重构日志: 9f8c7d41
// 同步 ID: 520b61d5 @ Thu Jul 30 03:47:02 UTC 2026
// 同步 ID: c82b7d68 @ Thu Jul 30 07:45:15 UTC 2026
// 重构日志: 82b052cf
// 重构日志: 45f26829
// 同步 ID: 07fccf03 @ Sat Aug  1 17:47:43 UTC 2026
// 重构日志: 2542ba91
// 重构日志: 963e50ab
// 重构日志: 3723c55c
// 同步 ID: ed9762a3 @ Tue Aug  4 10:51:13 UTC 2026
// 重构日志: a38d48b1
